2025-10-09 21:19:05,879 - INFO - 
######################################################################
2025-10-09 21:19:05,879 - INFO - # ESP32 IoT Data Simulator - Oracle APEX Publisher
2025-10-09 21:19:05,880 - INFO - # Started at: 2025-10-09 21:19:05
2025-10-09 21:19:05,880 - INFO - # Groups to process: GROUP1, GROUP2, GROUP4, GROUP5, GROUP6, GROUP7, GROUP8, GROUP9, GROUP10
2025-10-09 21:19:05,880 - INFO - # Iterations: 1
2025-10-09 21:19:05,880 - INFO - ######################################################################

2025-10-09 21:19:05,880 - INFO - 
**********************************************************************
2025-10-09 21:19:05,880 - INFO - * ITERATION 1 of 1
2025-10-09 21:19:05,881 - INFO - **********************************************************************
2025-10-09 21:19:05,881 - INFO - 
======================================================================
2025-10-09 21:19:05,881 - INFO - Processing GROUP1 - TOPIC 4 (Greenhouse)
2025-10-09 21:19:05,881 - INFO - ======================================================================
2025-10-09 21:19:05,881 - INFO - GET endpoint: https://oracleapex.com/ords/g3_data/greenhouse/
2025-10-09 21:19:15,975 - ERROR - ✗ GET failed: https://oracleapex.com/ords/g3_data/greenhouse/ - HTTPSConnectionPool(host='oracleapex.com', port=443): Read timed out. (read timeout=10)
2025-10-09 21:19:15,976 - INFO - Generating fake data for TOPIC 4 (Greenhouse)...
2025-10-09 21:19:15,979 - INFO - Generated data: {
  "sensor_id": "GH_7130",
  "timestamp": "2025-10-09T19:19:15.979293Z",
  "temperature": 19.37,
  "humidity": 57.55,
  "co2_level": 586.5,
  "light_intensity": 825.09,
  "air_circulation": 1.34,
  "vent_status": "open",
  "heating_status": "on"
}
2025-10-09 21:19:15,980 - INFO - POST endpoint: https://oracleapex.com/ords/g3_data/greenhouse/
2025-10-09 21:19:26,106 - ERROR - ✗ POST failed: https://oracleapex.com/ords/g3_data/greenhouse/ - HTTPSConnectionPool(host='oracleapex.com', port=443): Read timed out. (read timeout=10)
2025-10-09 21:19:26,107 - ERROR - ✗ GROUP1 processing failed
2025-10-09 21:19:26,608 - INFO - 
======================================================================
2025-10-09 21:19:26,609 - INFO - Processing GROUP2 - TOPIC 1 (Irrigation)
2025-10-09 21:19:26,609 - INFO - ======================================================================
2025-10-09 21:19:26,609 - INFO - GET endpoint: https://oracleapex.com/ords/g3_data/irrigation/
2025-10-09 21:19:36,798 - ERROR - ✗ GET failed: https://oracleapex.com/ords/g3_data/irrigation/ - HTTPSConnectionPool(host='oracleapex.com', port=443): Read timed out. (read timeout=10)
2025-10-09 21:19:36,799 - WARNING - ⚠ No POST endpoint defined for GROUP2 - Skipping data publication
2025-10-09 21:19:37,299 - INFO - 
======================================================================
2025-10-09 21:19:37,300 - INFO - Processing GROUP4 - TOPIC 3 (Crop vision)
2025-10-09 21:19:37,301 - INFO - ======================================================================
2025-10-09 21:19:37,301 - INFO - GET endpoint: https://oracleapex.com/ords/g3_data/soil_vision/
2025-10-09 21:19:47,433 - ERROR - ✗ GET failed: https://oracleapex.com/ords/g3_data/soil_vision/ - HTTPSConnectionPool(host='oracleapex.com', port=443): Read timed out. (read timeout=10)
2025-10-09 21:19:47,434 - INFO - Generating fake data for TOPIC 3 (Crop vision)...
2025-10-09 21:19:47,436 - INFO - Generated data: {
  "sensor_id": "VISION_6387",
  "timestamp": "2025-10-09T19:19:47.435732Z",
  "crop_health_index": 0.796,
  "leaf_area_index": 2.47,
  "disease_detected": false,
  "disease_type": "none",
  "pest_detected": false,
  "growth_stage": "seedling",
  "canopy_coverage": 66.24
}
2025-10-09 21:19:47,437 - INFO - POST endpoint: https://oracleapex.com/ords/g3_data/soil_vision/
2025-10-09 21:19:57,594 - ERROR - ✗ POST failed: https://oracleapex.com/ords/g3_data/soil_vision/ - HTTPSConnectionPool(host='oracleapex.com', port=443): Read timed out. (read timeout=10)
2025-10-09 21:19:57,595 - ERROR - ✗ GROUP4 processing failed
2025-10-09 21:19:58,096 - INFO - 
======================================================================
2025-10-09 21:19:58,096 - INFO - Processing GROUP5 - TOPIC 3 (Crop vision)
2025-10-09 21:19:58,097 - INFO - ======================================================================
2025-10-09 21:19:58,097 - WARNING - No GET endpoint defined for GROUP5
2025-10-09 21:19:58,097 - WARNING - ⚠ No POST endpoint defined for GROUP5 - Skipping data publication
2025-10-09 21:19:58,598 - INFO - 
======================================================================
2025-10-09 21:19:58,598 - INFO - Processing GROUP6 - TOPIC 1 (Irrigation)
2025-10-09 21:19:58,599 - INFO - ======================================================================
2025-10-09 21:19:58,599 - WARNING - No GET endpoint defined for GROUP6
2025-10-09 21:19:58,599 - WARNING - ⚠ No POST endpoint defined for GROUP6 - Skipping data publication
2025-10-09 21:19:59,100 - INFO - 
======================================================================
2025-10-09 21:19:59,100 - INFO - Processing GROUP7 - TOPIC 2 (Soil)
2025-10-09 21:19:59,101 - INFO - ======================================================================
2025-10-09 21:19:59,101 - WARNING - No GET endpoint defined for GROUP7
2025-10-09 21:19:59,101 - WARNING - ⚠ No POST endpoint defined for GROUP7 - Skipping data publication
2025-10-09 21:19:59,602 - INFO - 
======================================================================
2025-10-09 21:19:59,603 - INFO - Processing GROUP8 - TOPIC 2 (Soil)
2025-10-09 21:19:59,603 - INFO - ======================================================================
2025-10-09 21:19:59,603 - INFO - GET endpoint: https://oracleapex.com/ords/g3_data/soil/
2025-10-09 21:20:09,724 - ERROR - ✗ GET failed: https://oracleapex.com/ords/g3_data/soil/ - HTTPSConnectionPool(host='oracleapex.com', port=443): Read timed out. (read timeout=10)
2025-10-09 21:20:09,725 - INFO - Generating fake data for TOPIC 2 (Soil)...
2025-10-09 21:20:09,727 - INFO - Generated data: {
  "sensor_id": "SOIL_1805",
  "timestamp": "2025-10-09T19:20:09.726061Z",
  "soil_temperature": 17.69,
  "soil_moisture": 36.58,
  "soil_ph": 5.98,
  "soil_ec": 2.99,
  "nitrogen": 19.7,
  "phosphorus": 21.81,
  "potassium": 66.37
}
2025-10-09 21:20:09,728 - INFO - POST endpoint: https://oracleapex.com/ords/g3_data/soil/
2025-10-09 21:20:19,864 - ERROR - ✗ POST failed: https://oracleapex.com/ords/g3_data/soil/ - HTTPSConnectionPool(host='oracleapex.com', port=443): Read timed out. (read timeout=10)
2025-10-09 21:20:19,864 - ERROR - ✗ GROUP8 processing failed
2025-10-09 21:20:20,365 - INFO - 
======================================================================
2025-10-09 21:20:20,366 - INFO - Processing GROUP9 - TOPIC 4 (Greenhouse)
2025-10-09 21:20:20,366 - INFO - ======================================================================
2025-10-09 21:20:20,367 - WARNING - No GET endpoint defined for GROUP9
2025-10-09 21:20:20,367 - WARNING - ⚠ No POST endpoint defined for GROUP9 - Skipping data publication
2025-10-09 21:20:20,868 - INFO - 
======================================================================
2025-10-09 21:20:20,868 - INFO - Processing GROUP10 - TOPIC (unspecified)
2025-10-09 21:20:20,868 - INFO - ======================================================================
2025-10-09 21:20:20,868 - WARNING - No GET endpoint defined for GROUP10
2025-10-09 21:20:20,868 - WARNING - ⚠ No POST endpoint defined for GROUP10 - Skipping data publication
2025-10-09 21:20:20,869 - INFO - 
######################################################################
2025-10-09 21:20:20,869 - INFO - # Simulation completed at: 2025-10-09 21:20:20
2025-10-09 21:20:20,869 - INFO - ######################################################################

